#-----------------------------------------------------------
# Webtalk v2017.4 (64-bit)
# SW Build 2086221 on Fri Dec 15 20:55:39 MST 2017
# IP Build 2085800 on Fri Dec 15 22:25:07 MST 2017
# Start of session at: Fri May 26 18:05:20 2023
# Process ID: 27420
# Current directory: P:/CS214-Computer-Organization/CS214-Computer-Organization-Project/verilog/verilog.sim/sim_1/synth/timing/xsim
# Command line: wbtcv.exe -mode batch -source P:/CS214-Computer-Organization/CS214-Computer-Organization-Project/verilog/verilog.sim/sim_1/synth/timing/xsim/xsim.dir/cpu_sim_time_synth/webtalk/xsim_webtalk.tcl -notrace
# Log file: P:/CS214-Computer-Organization/CS214-Computer-Organization-Project/verilog/verilog.sim/sim_1/synth/timing/xsim/webtalk.log
# Journal file: P:/CS214-Computer-Organization/CS214-Computer-Organization-Project/verilog/verilog.sim/sim_1/synth/timing/xsim\webtalk.jou
#-----------------------------------------------------------
source P:/CS214-Computer-Organization/CS214-Computer-Organization-Project/verilog/verilog.sim/sim_1/synth/timing/xsim/xsim.dir/cpu_sim_time_synth/webtalk/xsim_webtalk.tcl -notrace
