Copyright 1986-2017 Xilinx, Inc. All Rights Reserved.
------------------------------------------------------------------------------------
| Tool Version : Vivado v.2017.4 (win64) Build 2086221 Fri Dec 15 20:55:39 MST 2017
| Date         : Tue May 23 22:15:41 2023
| Host         : LAPTOP-D384KT3B running 64-bit major release  (build 9200)
| Command      : report_control_sets -verbose -file cpu_control_sets_placed.rpt
| Design       : cpu
| Device       : xc7a100t
------------------------------------------------------------------------------------

Control Set Information

Table of Contents
-----------------
1. Summary
2. Flip-Flop Distribution
3. Detailed Control Set Information

1. Summary
----------

+----------------------------------------------------------+-------+
|                          Status                          | Count |
+----------------------------------------------------------+-------+
| Number of unique control sets                            |    71 |
| Unused register locations in slices containing registers |   117 |
+----------------------------------------------------------+-------+


2. Flip-Flop Distribution
-------------------------

+--------------+-----------------------+------------------------+-----------------+--------------+
| Clock Enable | Synchronous Set/Reset | Asynchronous Set/Reset | Total Registers | Total Slices |
+--------------+-----------------------+------------------------+-----------------+--------------+
| No           | No                    | No                     |              45 |           19 |
| No           | No                    | Yes                    |              82 |           39 |
| No           | Yes                   | No                     |              68 |           27 |
| Yes          | No                    | No                     |              44 |           11 |
| Yes          | No                    | Yes                    |             302 |           90 |
| Yes          | Yes                   | No                     |            1022 |          510 |
+--------------+-----------------------+------------------------+-----------------+--------------+


3. Detailed Control Set Information
-----------------------------------

+-----------------------------------------+--------------------------------------------------------------------------------------------------------------------+-----------------------------------------------------------------------------------------------------------------------------+------------------+----------------+
|               Clock Signal              |                                                    Enable Signal                                                   |                                                       Set/Reset Signal                                                      | Slice Load Count | Bel Load Count |
+-----------------------------------------+--------------------------------------------------------------------------------------------------------------------+-----------------------------------------------------------------------------------------------------------------------------+------------------+----------------+
|  uart/inst/upg_inst/rdStat_BUFG         | uart/inst/upg_inst/upg_wen_o2_out                                                                                  | upg_rst                                                                                                                     |                1 |              1 |
|  uart/inst/upg_inst/upg_clk_i_IBUF_BUFG | uart/inst/upg_inst/upg_done_o_i_1_n_0                                                                              | upg_rst                                                                                                                     |                1 |              1 |
|  cpu_clk_BUFG                           |                                                                                                                    |                                                                                                                             |                1 |              1 |
|  cc/clka_BUFG                           |                                                                                                                    |                                                                                                                             |                1 |              2 |
|  cc/PC_reg[28]_BUFG                     |                                                                                                                    |                                                                                                                             |                2 |              2 |
|  uart/inst/upg_inst/rdStat_BUFG         |                                                                                                                    | upg_rst                                                                                                                     |                2 |              2 |
|  fpga_clk_IBUF_BUFG                     |                                                                                                                    |                                                                                                                             |                3 |              3 |
|  uart/inst/upg_inst/upg_clk_i_IBUF_BUFG | uart/inst/upg_inst/s_axi_wdata                                                                                     |                                                                                                                             |                1 |              3 |
|  cpu_clk_BUFG                           | Uprogramrom_0/PC[0]                                                                                                | idecode/rst                                                                                                                 |                2 |              4 |
|  uart/inst/upg_inst/upg_clk_i_IBUF_BUFG | uart/inst/upg_inst/s_axi_wdata                                                                                     | uart/inst/upg_inst/s_axi_wdata[6]_i_1_n_0                                                                                   |                2 |              4 |
|  uart/inst/upg_inst/upg_clk_i_IBUF_BUFG | uart/inst/upg_inst/axi_uart_inst/U0/AXI_LITE_IPIF_I/I_SLAVE_ATTACHMENT/start2                                      | uart/inst/upg_inst/axi_uart_inst/U0/AXI_LITE_IPIF_I/I_SLAVE_ATTACHMENT/I_DECODER/cs_ce_clr                                  |                1 |              4 |
|  uart/inst/upg_inst/upg_clk_i_IBUF_BUFG | uart/inst/upg_inst/axi_uart_inst/U0/UARTLITE_CORE_I/BAUD_RATE_I/en_16x_Baud                                        |                                                                                                                             |                2 |              4 |
|  RegWrite_BUFG                          |                                                                                                                    |                                                                                                                             |                2 |              5 |
|  uart/inst/upg_inst/upg_clk_i_IBUF_BUFG |                                                                                                                    | uart/inst/upg_inst/axi_uart_inst/U0/UARTLITE_CORE_I/UARTLITE_RX_I/SRL_FIFO_I/I_SRL_FIFO_RBU_F/CNTR_INCR_DECR_ADDN_F_I/SS[0] |                3 |              6 |
|  uart/inst/upg_inst/upg_clk_i_IBUF_BUFG |                                                                                                                    | uart/inst/upg_inst/axi_uart_inst/U0/UARTLITE_CORE_I/UARTLITE_TX_I/SRL_FIFO_I/I_SRL_FIFO_RBU_F/CNTR_INCR_DECR_ADDN_F_I/SS[0] |                3 |              6 |
|  cpu_clk_BUFG                           | Uprogramrom_0/E[1]                                                                                                 | idecode/rst                                                                                                                 |                1 |              7 |
|  uart/inst/upg_inst/upg_clk_i_IBUF_BUFG | uart/inst/upg_inst/axi_uart_inst/U0/AXI_LITE_IPIF_I/I_SLAVE_ATTACHMENT/I_DECODER/fifo_wr                           |                                                                                                                             |                1 |              7 |
|  uart/inst/upg_inst/rdStat_BUFG         | uart/inst/upg_inst/s_axi_aresetn0                                                                                  | upg_rst                                                                                                                     |                5 |              8 |
|  uart/inst/upg_inst/upg_clk_i_IBUF_BUFG |                                                                                                                    | uart/inst/upg_inst/axi_uart_inst/U0/AXI_LITE_IPIF_I/I_SLAVE_ATTACHMENT/rst                                                  |                3 |              8 |
|  uart/inst/upg_inst/upg_clk_i_IBUF_BUFG | uart/inst/upg_inst/msg_indx[7]_i_1_n_0                                                                             | upg_rst                                                                                                                     |                4 |              8 |
|  uart/inst/upg_inst/upg_clk_i_IBUF_BUFG | uart/inst/upg_inst/uart_rdat                                                                                       |                                                                                                                             |                1 |              8 |
|  uart/inst/upg_inst/upg_clk_i_IBUF_BUFG | uart/inst/upg_inst/axi_uart_inst/U0/AXI_LITE_IPIF_I/I_SLAVE_ATTACHMENT/s_axi_rdata_i                               | uart/inst/upg_inst/axi_uart_inst/U0/AXI_LITE_IPIF_I/I_SLAVE_ATTACHMENT/rst                                                  |                2 |              8 |
|  uart/inst/upg_inst/upg_clk_i_IBUF_BUFG | uart/inst/upg_inst/axi_uart_inst/U0/UARTLITE_CORE_I/UARTLITE_RX_I/SRL_FIFO_I/I_SRL_FIFO_RBU_F/DYNSHREG_F_I/fifo_wr |                                                                                                                             |                1 |              8 |
|  uart/inst/upg_inst/rdStat_BUFG         | uart/inst/upg_inst/byte_len[7]_i_1_n_0                                                                             | upg_rst                                                                                                                     |                2 |              9 |
|  uart/inst/upg_inst/upg_clk_i_IBUF_BUFG | uart/inst/upg_inst/axi_uart_inst/U0/UARTLITE_CORE_I/BAUD_RATE_I/en_16x_Baud                                        | upg_rst                                                                                                                     |                2 |             10 |
| ~sst/scan_cnt[3]                        |                                                                                                                    |                                                                                                                             |                3 |             12 |
| ~cpu_clk_BUFG                           | Uprogramrom_0/switchrdata_reg[0][0]                                                                                | idecode/rst                                                                                                                 |                3 |             16 |
|  uart/inst/upg_inst/upg_clk_i_IBUF_BUFG | uart/inst/upg_inst/rwait_cnt[15]_i_1_n_0                                                                           | upg_rst                                                                                                                     |                4 |             16 |
|  uart/inst/upg_inst/upg_clk_i_IBUF_BUFG | uart/inst/upg_inst/wwait_cnt[15]_i_1_n_0                                                                           | upg_rst                                                                                                                     |                3 |             16 |
|  uart/inst/upg_inst/upg_clk_i_IBUF_BUFG |                                                                                                                    |                                                                                                                             |                7 |             20 |
|  cpu_clk_BUFG                           | Uprogramrom_0/link_addr_reg[31][0]                                                                                 |                                                                                                                             |                8 |             31 |
|  cpu_clk_BUFG                           |                                                                                                                    | idecode/rst                                                                                                                 |               15 |             31 |
|  cpu_clk_BUFG                           | idecode/register[15][31]_i_1_n_0                                                                                   | idecode/rst                                                                                                                 |               16 |             32 |
|  cpu_clk_BUFG                           | idecode/register[16][31]_i_1_n_0                                                                                   | idecode/rst                                                                                                                 |               15 |             32 |
|  cpu_clk_BUFG                           | idecode/register[14][31]_i_1_n_0                                                                                   | idecode/rst                                                                                                                 |               12 |             32 |
|  cpu_clk_BUFG                           | idecode/register[1][31]_i_1_n_0                                                                                    | idecode/rst                                                                                                                 |               15 |             32 |
|  cpu_clk_BUFG                           | idecode/register[20][31]_i_1_n_0                                                                                   | idecode/rst                                                                                                                 |               17 |             32 |
|  cpu_clk_BUFG                           | idecode/register[21][31]_i_1_n_0                                                                                   | idecode/rst                                                                                                                 |               13 |             32 |
|  cpu_clk_BUFG                           | idecode/register[22][31]_i_1_n_0                                                                                   | idecode/rst                                                                                                                 |               15 |             32 |
|  cpu_clk_BUFG                           | idecode/register[12][31]_i_1_n_0                                                                                   | idecode/rst                                                                                                                 |               15 |             32 |
|  cpu_clk_BUFG                           | idecode/register[17][31]_i_1_n_0                                                                                   | idecode/rst                                                                                                                 |               17 |             32 |
|  cpu_clk_BUFG                           | idecode/register[18][31]_i_1_n_0                                                                                   | idecode/rst                                                                                                                 |               10 |             32 |
|  cpu_clk_BUFG                           | idecode/register[11][31]_i_1_n_0                                                                                   | idecode/rst                                                                                                                 |               10 |             32 |
|  cpu_clk_BUFG                           | idecode/register[10][31]_i_1_n_0                                                                                   | idecode/rst                                                                                                                 |               11 |             32 |
|  cpu_clk_BUFG                           | idecode/register[19][31]_i_1_n_0                                                                                   | idecode/rst                                                                                                                 |               13 |             32 |
|  cpu_clk_BUFG                           | idecode/register[23][31]_i_1_n_0                                                                                   | idecode/rst                                                                                                                 |               16 |             32 |
|  cpu_clk_BUFG                           | idecode/register[24][31]_i_1_n_0                                                                                   | idecode/rst                                                                                                                 |                9 |             32 |
|  cpu_clk_BUFG                           | idecode/register                                                                                                   | idecode/rst                                                                                                                 |               24 |             32 |
|  cpu_clk_BUFG                           | idecode/register[13][31]_i_1_n_0                                                                                   | idecode/rst                                                                                                                 |               15 |             32 |
|  cpu_clk_BUFG                           | idecode/register[27][31]_i_1_n_0                                                                                   | idecode/rst                                                                                                                 |               20 |             32 |
|  cpu_clk_BUFG                           | idecode/register[25][31]_i_1_n_0                                                                                   | idecode/rst                                                                                                                 |               12 |             32 |
|  cpu_clk_BUFG                           | idecode/register[28][31]_i_1_n_0                                                                                   | idecode/rst                                                                                                                 |               22 |             32 |
|  cpu_clk_BUFG                           | idecode/register[30][31]_i_1_n_0                                                                                   | idecode/rst                                                                                                                 |               25 |             32 |
|  cpu_clk_BUFG                           | idecode/register[29][31]_i_1_n_0                                                                                   | idecode/rst                                                                                                                 |               14 |             32 |
|  cpu_clk_BUFG                           | idecode/register[26][31]_i_1_n_0                                                                                   | idecode/rst                                                                                                                 |               18 |             32 |
|  cpu_clk_BUFG                           | idecode/register[2][31]_i_1_n_0                                                                                    | idecode/rst                                                                                                                 |               16 |             32 |
|  cpu_clk_BUFG                           | idecode/register[3][31]_i_1_n_0                                                                                    | idecode/rst                                                                                                                 |               14 |             32 |
|  cpu_clk_BUFG                           | idecode/register[6][31]_i_1_n_0                                                                                    | idecode/rst                                                                                                                 |               17 |             32 |
|  cpu_clk_BUFG                           | idecode/register[7][31]_i_1_n_0                                                                                    | idecode/rst                                                                                                                 |               21 |             32 |
|  cpu_clk_BUFG                           | idecode/register[8][31]_i_1_n_0                                                                                    | idecode/rst                                                                                                                 |               21 |             32 |
|  cpu_clk_BUFG                           | idecode/register[9][31]_i_1_n_0                                                                                    | idecode/rst                                                                                                                 |               21 |             32 |
|  cpu_clk_BUFG                           | idecode/register[4][31]_i_1_n_0                                                                                    | idecode/rst                                                                                                                 |               18 |             32 |
|  cpu_clk_BUFG                           | idecode/register[5][31]_i_1_n_0                                                                                    | idecode/rst                                                                                                                 |               19 |             32 |
|  cpu_clk_BUFG                           | Uprogramrom_0/E[0]                                                                                                 | idecode/rst                                                                                                                 |               12 |             32 |
|  fpga_clk_IBUF_BUFG                     |                                                                                                                    | idecode/rst                                                                                                                 |               13 |             32 |
|  fpga_clk_IBUF_BUFG                     |                                                                                                                    | fpga_rst_IBUF                                                                                                               |               15 |             32 |
|  uart/inst/upg_inst/upg_clk_i_IBUF_BUFG |                                                                                                                    | upg_rst                                                                                                                     |               12 |             33 |
|  uart/inst/upg_inst/rdStat_BUFG         | uart/inst/upg_inst/byte_num                                                                                        | upg_rst                                                                                                                     |                9 |             36 |
|  uart/inst/upg_inst/rdStat_BUFG         | uart/inst/upg_inst/upg_adr_o[14]_i_1_n_0                                                                           | upg_rst                                                                                                                     |               18 |             47 |
|  uart/inst/upg_inst/rdStat_BUFG         | uart/inst/upg_inst/wr_byte_num_done                                                                                | upg_rst                                                                                                                     |               14 |             49 |
|  uart/inst/upg_inst/rdStat_BUFG         | uart/inst/upg_inst/byte_cnt                                                                                        | upg_rst                                                                                                                     |               13 |             56 |
+-----------------------------------------+--------------------------------------------------------------------------------------------------------------------+-----------------------------------------------------------------------------------------------------------------------------+------------------+----------------+


+--------+-----------------------+
| Fanout | Number of ControlSets |
+--------+-----------------------+
| 1      |                     3 |
| 2      |                     3 |
| 3      |                     2 |
| 4      |                     4 |
| 5      |                     1 |
| 6      |                     2 |
| 7      |                     2 |
| 8      |                     6 |
| 9      |                     1 |
| 10     |                     1 |
| 12     |                     1 |
| 16+    |                    45 |
+--------+-----------------------+


